  Geri y├╝klenecek projeler belirleniyor...
C:\Users\alihe\OneDrive\Masa├╝st├╝\ForgeFlow Project\services\artifact\ForgeFlow.Artifact.Application\ForgeFlow.Artifact.Application.csproj : warning NU1608: Ba─ş─▒ml─▒l─▒k k─▒s─▒tlamas─▒ d─▒┼ş─▒nda alg─▒lanan paket s├╝r├╝m├╝: MediatR.Extensions.Microsoft.DependencyInjection 11.1.0, MediatR (>= 11.0.0 && < 12.0.0) gerektiriyor ancak s├╝r├╝m MediatR 12.2.0 ├ğ├Âz├╝mlenmi┼ş. [C:\Users\alihe\OneDrive\Masa├╝st├╝\ForgeFlow Project\ForgeFlow.sln]
C:\Users\alihe\OneDrive\Masa├╝st├╝\ForgeFlow Project\services\artifact\ForgeFlow.Artifact.Api\ForgeFlow.Artifact.Api.csproj : warning NU1608: Ba─ş─▒ml─▒l─▒k k─▒s─▒tlamas─▒ d─▒┼ş─▒nda alg─▒lanan paket s├╝r├╝m├╝: MediatR.Extensions.Microsoft.DependencyInjection 11.1.0, MediatR (>= 11.0.0 && < 12.0.0) gerektiriyor ancak s├╝r├╝m MediatR 12.2.0 ├ğ├Âz├╝mlenmi┼ş. [C:\Users\alihe\OneDrive\Masa├╝st├╝\ForgeFlow Project\ForgeFlow.sln]
C:\Users\alihe\OneDrive\Masa├╝st├╝\ForgeFlow Project\services\artifact\ForgeFlow.Artifact.Infrastructure\ForgeFlow.Artifact.Infrastructure.csproj : warning NU1608: Ba─ş─▒ml─▒l─▒k k─▒s─▒tlamas─▒ d─▒┼ş─▒nda alg─▒lanan paket s├╝r├╝m├╝: MediatR.Extensions.Microsoft.DependencyInjection 11.1.0, MediatR (>= 11.0.0 && < 12.0.0) gerektiriyor ancak s├╝r├╝m MediatR 12.2.0 ├ğ├Âz├╝mlenmi┼ş. [C:\Users\alihe\OneDrive\Masa├╝st├╝\ForgeFlow Project\ForgeFlow.sln]
  Geri y├╝kleme i├ğin t├╝m projeler g├╝ncel.
  ForgeFlow.Contracts -> C:\Users\alihe\OneDrive\Masa├╝st├╝\ForgeFlow Project\contracts\ForgeFlow.Contracts\bin\Debug\net8.0\ForgeFlow.Contracts.dll
C:\Users\alihe\OneDrive\Masa├╝st├╝\ForgeFlow Project\services\artifact\ForgeFlow.Artifact.Application\ForgeFlow.Artifact.Application.csproj : warning NU1608: Ba─ş─▒ml─▒l─▒k k─▒s─▒tlamas─▒ d─▒┼ş─▒nda alg─▒lanan paket s├╝r├╝m├╝: MediatR.Extensions.Microsoft.DependencyInjection 11.1.0, MediatR (>= 11.0.0 && < 12.0.0) gerektiriyor ancak s├╝r├╝m MediatR 12.2.0 ├ğ├Âz├╝mlenmi┼ş.
C:\Users\alihe\OneDrive\Masa├╝st├╝\ForgeFlow Project\services\artifact\ForgeFlow.Artifact.Infrastructure\ForgeFlow.Artifact.Infrastructure.csproj : warning NU1608: Ba─ş─▒ml─▒l─▒k k─▒s─▒tlamas─▒ d─▒┼ş─▒nda alg─▒lanan paket s├╝r├╝m├╝: MediatR.Extensions.Microsoft.DependencyInjection 11.1.0, MediatR (>= 11.0.0 && < 12.0.0) gerektiriyor ancak s├╝r├╝m MediatR 12.2.0 ├ğ├Âz├╝mlenmi┼ş.
  ForgeFlow.Artifact.Domain -> C:\Users\alihe\OneDrive\Masa├╝st├╝\ForgeFlow Project\services\artifact\ForgeFlow.Artifact.Domain\bin\Debug\net8.0\ForgeFlow.Artifact.Domain.dll
C:\Users\alihe\OneDrive\Masa├╝st├╝\ForgeFlow Project\services\artifact\ForgeFlow.Artifact.Api\ForgeFlow.Artifact.Api.csproj : warning NU1608: Ba─ş─▒ml─▒l─▒k k─▒s─▒tlamas─▒ d─▒┼ş─▒nda alg─▒lanan paket s├╝r├╝m├╝: MediatR.Extensions.Microsoft.DependencyInjection 11.1.0, MediatR (>= 11.0.0 && < 12.0.0) gerektiriyor ancak s├╝r├╝m MediatR 12.2.0 ├ğ├Âz├╝mlenmi┼ş.
  ForgeFlow.Work.Domain -> C:\Users\alihe\OneDrive\Masa├╝st├╝\ForgeFlow Project\services\work\ForgeFlow.Work.Domain\bin\Debug\net8.0\ForgeFlow.Work.Domain.dll
  ForgeFlow.Artifact.Application -> C:\Users\alihe\OneDrive\Masa├╝st├╝\ForgeFlow Project\services\artifact\ForgeFlow.Artifact.Application\bin\Debug\net8.0\ForgeFlow.Artifact.Application.dll
C:\Users\alihe\OneDrive\Masa├╝st├╝\ForgeFlow Project\services\notification\ForgeFlow.Notification.Service\Consumers\AiPlanCompletedConsumer.cs(34,35): error CS7036: 'AiProgressMessage.AiProgressMessage(Guid, string, int, bool)'nin gerekli 'RequestId' parametresine kar┼ş─▒l─▒k gelen herhangi bir arg├╝man yok [C:\Users\alihe\OneDrive\Masa├╝st├╝\ForgeFlow Project\services\notification\ForgeFlow.Notification.Service\ForgeFlow.Notification.Service.csproj]
C:\Users\alihe\OneDrive\Masa├╝st├╝\ForgeFlow Project\services\notification\ForgeFlow.Notification.Service\Consumers\AiPlanCompletedConsumer.cs(39,13): error CS0117: 'AiProgressMessage' bir 'Timestamp' tan─▒m─▒ i├ğermiyor [C:\Users\alihe\OneDrive\Masa├╝st├╝\ForgeFlow Project\services\notification\ForgeFlow.Notification.Service\ForgeFlow.Notification.Service.csproj]
C:\Users\alihe\OneDrive\Masa├╝st├╝\ForgeFlow Project\services\notification\ForgeFlow.Notification.Service\Program.cs(66,47): warning CS0618: 'RedisChannel.implicit operator RedisChannel(string)' art─▒k kullan─▒lm─▒yor: 'It is preferable to explicitly specify a PatternMode, or use the Literal/Pattern methods' [C:\Users\alihe\OneDrive\Masa├╝st├╝\ForgeFlow Project\services\notification\ForgeFlow.Notification.Service\ForgeFlow.Notification.Service.csproj]
  ForgeFlow.AiOrchestrator.Domain -> C:\Users\alihe\OneDrive\Masa├╝st├╝\ForgeFlow Project\services\ai-orchestrator\ForgeFlow.AiOrchestrator.Domain\bin\Debug\net8.0\ForgeFlow.AiOrchestrator.Domain.dll
  ForgeFlow.Artifact.Infrastructure -> C:\Users\alihe\OneDrive\Masa├╝st├╝\ForgeFlow Project\services\artifact\ForgeFlow.Artifact.Infrastructure\bin\Debug\net8.0\ForgeFlow.Artifact.Infrastructure.dll
  ForgeFlow.AiOrchestrator.Application -> C:\Users\alihe\OneDrive\Masa├╝st├╝\ForgeFlow Project\services\ai-orchestrator\ForgeFlow.AiOrchestrator.Application\bin\Debug\net8.0\ForgeFlow.AiOrchestrator.Application.dll
  ForgeFlow.Gateway -> C:\Users\alihe\OneDrive\Masa├╝st├╝\ForgeFlow Project\services\gateway\ForgeFlow.Gateway\bin\Debug\net8.0\ForgeFlow.Gateway.dll
  ForgeFlow.Work.Application -> C:\Users\alihe\OneDrive\Masa├╝st├╝\ForgeFlow Project\services\work\ForgeFlow.Work.Application\bin\Debug\net8.0\ForgeFlow.Work.Application.dll
  ForgeFlow.Work.Infrastructure -> C:\Users\alihe\OneDrive\Masa├╝st├╝\ForgeFlow Project\services\work\ForgeFlow.Work.Infrastructure\bin\Debug\net8.0\ForgeFlow.Work.Infrastructure.dll
  ForgeFlow.Identity.Domain -> C:\Users\alihe\OneDrive\Masa├╝st├╝\ForgeFlow Project\services\identity\ForgeFlow.Identity.Domain\bin\Debug\net8.0\ForgeFlow.Identity.Domain.dll
  ForgeFlow.AiOrchestrator.Infrastructure -> C:\Users\alihe\OneDrive\Masa├╝st├╝\ForgeFlow Project\services\ai-orchestrator\ForgeFlow.AiOrchestrator.Infrastructure\bin\Debug\net8.0\ForgeFlow.AiOrchestrator.Infrastructure.dll
  ForgeFlow.Artifact.Api -> C:\Users\alihe\OneDrive\Masa├╝st├╝\ForgeFlow Project\services\artifact\ForgeFlow.Artifact.Api\bin\Debug\net8.0\ForgeFlow.Artifact.Api.dll
  ForgeFlow.Identity.Application -> C:\Users\alihe\OneDrive\Masa├╝st├╝\ForgeFlow Project\services\identity\ForgeFlow.Identity.Application\bin\Debug\net8.0\ForgeFlow.Identity.Application.dll
  ForgeFlow.Work.Api -> C:\Users\alihe\OneDrive\Masa├╝st├╝\ForgeFlow Project\services\work\ForgeFlow.Work.Api\bin\Debug\net8.0\ForgeFlow.Work.Api.dll
  ForgeFlow.Identity.Infrastructure -> C:\Users\alihe\OneDrive\Masa├╝st├╝\ForgeFlow Project\services\identity\ForgeFlow.Identity.Infrastructure\bin\Debug\net8.0\ForgeFlow.Identity.Infrastructure.dll
  ForgeFlow.AiOrchestrator.Worker -> C:\Users\alihe\OneDrive\Masa├╝st├╝\ForgeFlow Project\services\ai-orchestrator\ForgeFlow.AiOrchestrator.Worker\bin\Debug\net8.0\ForgeFlow.AiOrchestrator.Worker.dll
  ForgeFlow.Identity.Api -> C:\Users\alihe\OneDrive\Masa├╝st├╝\ForgeFlow Project\services\identity\ForgeFlow.Identity.Api\bin\Debug\net8.0\ForgeFlow.Identity.Api.dll

Olu┼şturma BA┼ŞARISIZ OLDU.

C:\Users\alihe\OneDrive\Masa├╝st├╝\ForgeFlow Project\services\artifact\ForgeFlow.Artifact.Application\ForgeFlow.Artifact.Application.csproj : warning NU1608: Ba─ş─▒ml─▒l─▒k k─▒s─▒tlamas─▒ d─▒┼ş─▒nda alg─▒lanan paket s├╝r├╝m├╝: MediatR.Extensions.Microsoft.DependencyInjection 11.1.0, MediatR (>= 11.0.0 && < 12.0.0) gerektiriyor ancak s├╝r├╝m MediatR 12.2.0 ├ğ├Âz├╝mlenmi┼ş. [C:\Users\alihe\OneDrive\Masa├╝st├╝\ForgeFlow Project\ForgeFlow.sln]
C:\Users\alihe\OneDrive\Masa├╝st├╝\ForgeFlow Project\services\artifact\ForgeFlow.Artifact.Api\ForgeFlow.Artifact.Api.csproj : warning NU1608: Ba─ş─▒ml─▒l─▒k k─▒s─▒tlamas─▒ d─▒┼ş─▒nda alg─▒lanan paket s├╝r├╝m├╝: MediatR.Extensions.Microsoft.DependencyInjection 11.1.0, MediatR (>= 11.0.0 && < 12.0.0) gerektiriyor ancak s├╝r├╝m MediatR 12.2.0 ├ğ├Âz├╝mlenmi┼ş. [C:\Users\alihe\OneDrive\Masa├╝st├╝\ForgeFlow Project\ForgeFlow.sln]
C:\Users\alihe\OneDrive\Masa├╝st├╝\ForgeFlow Project\services\artifact\ForgeFlow.Artifact.Infrastructure\ForgeFlow.Artifact.Infrastructure.csproj : warning NU1608: Ba─ş─▒ml─▒l─▒k k─▒s─▒tlamas─▒ d─▒┼ş─▒nda alg─▒lanan paket s├╝r├╝m├╝: MediatR.Extensions.Microsoft.DependencyInjection 11.1.0, MediatR (>= 11.0.0 && < 12.0.0) gerektiriyor ancak s├╝r├╝m MediatR 12.2.0 ├ğ├Âz├╝mlenmi┼ş. [C:\Users\alihe\OneDrive\Masa├╝st├╝\ForgeFlow Project\ForgeFlow.sln]
C:\Users\alihe\OneDrive\Masa├╝st├╝\ForgeFlow Project\services\artifact\ForgeFlow.Artifact.Application\ForgeFlow.Artifact.Application.csproj : warning NU1608: Ba─ş─▒ml─▒l─▒k k─▒s─▒tlamas─▒ d─▒┼ş─▒nda alg─▒lanan paket s├╝r├╝m├╝: MediatR.Extensions.Microsoft.DependencyInjection 11.1.0, MediatR (>= 11.0.0 && < 12.0.0) gerektiriyor ancak s├╝r├╝m MediatR 12.2.0 ├ğ├Âz├╝mlenmi┼ş.
C:\Users\alihe\OneDrive\Masa├╝st├╝\ForgeFlow Project\services\artifact\ForgeFlow.Artifact.Infrastructure\ForgeFlow.Artifact.Infrastructure.csproj : warning NU1608: Ba─ş─▒ml─▒l─▒k k─▒s─▒tlamas─▒ d─▒┼ş─▒nda alg─▒lanan paket s├╝r├╝m├╝: MediatR.Extensions.Microsoft.DependencyInjection 11.1.0, MediatR (>= 11.0.0 && < 12.0.0) gerektiriyor ancak s├╝r├╝m MediatR 12.2.0 ├ğ├Âz├╝mlenmi┼ş.
C:\Users\alihe\OneDrive\Masa├╝st├╝\ForgeFlow Project\services\artifact\ForgeFlow.Artifact.Api\ForgeFlow.Artifact.Api.csproj : warning NU1608: Ba─ş─▒ml─▒l─▒k k─▒s─▒tlamas─▒ d─▒┼ş─▒nda alg─▒lanan paket s├╝r├╝m├╝: MediatR.Extensions.Microsoft.DependencyInjection 11.1.0, MediatR (>= 11.0.0 && < 12.0.0) gerektiriyor ancak s├╝r├╝m MediatR 12.2.0 ├ğ├Âz├╝mlenmi┼ş.
C:\Users\alihe\OneDrive\Masa├╝st├╝\ForgeFlow Project\services\notification\ForgeFlow.Notification.Service\Program.cs(66,47): warning CS0618: 'RedisChannel.implicit operator RedisChannel(string)' art─▒k kullan─▒lm─▒yor: 'It is preferable to explicitly specify a PatternMode, or use the Literal/Pattern methods' [C:\Users\alihe\OneDrive\Masa├╝st├╝\ForgeFlow Project\services\notification\ForgeFlow.Notification.Service\ForgeFlow.Notification.Service.csproj]
C:\Users\alihe\OneDrive\Masa├╝st├╝\ForgeFlow Project\services\notification\ForgeFlow.Notification.Service\Consumers\AiPlanCompletedConsumer.cs(34,35): error CS7036: 'AiProgressMessage.AiProgressMessage(Guid, string, int, bool)'nin gerekli 'RequestId' parametresine kar┼ş─▒l─▒k gelen herhangi bir arg├╝man yok [C:\Users\alihe\OneDrive\Masa├╝st├╝\ForgeFlow Project\services\notification\ForgeFlow.Notification.Service\ForgeFlow.Notification.Service.csproj]
C:\Users\alihe\OneDrive\Masa├╝st├╝\ForgeFlow Project\services\notification\ForgeFlow.Notification.Service\Consumers\AiPlanCompletedConsumer.cs(39,13): error CS0117: 'AiProgressMessage' bir 'Timestamp' tan─▒m─▒ i├ğermiyor [C:\Users\alihe\OneDrive\Masa├╝st├╝\ForgeFlow Project\services\notification\ForgeFlow.Notification.Service\ForgeFlow.Notification.Service.csproj]
    7 Uyar─▒
    2 Hata

Ge├ğen S├╝re 00:00:03.76
